// Jest Snapshot v1, https://goo.gl/fbAQLP

exports[`<Preloader /> should render correctly 1`] = `
.c0 {
  background: rgb(0 0 0 / 80%);
  position: fixed;
  top: 0;
  left: 0;
  width: 100%;
  height: 100%;
  pointer-events: none;
  z-index: 30;
  display: -webkit-box;
  display: -webkit-flex;
  display: -ms-flexbox;
  display: flex;
  -webkit-flex-direction: row;
  -ms-flex-direction: row;
  flex-direction: row;
  -webkit-align-items: center;
  -webkit-box-align: center;
  -ms-flex-align: center;
  align-items: center;
  -webkit-box-pack: center;
  -webkit-justify-content: center;
  -ms-flex-pack: center;
  justify-content: center;
  gap: 0;
}

<div
  class="c0"
>
  <svg
    height="150px"
    preserveAspectRatio="xMidYMid"
    style="margin: auto; display: block;"
    viewBox="0 0 100 100"
    width="150px"
  >
    <circle
      cx="50"
      cy="50"
      fill="none"
      r="0"
      stroke="#f5542e"
      stroke-width="2"
    >
      <animate
        attributeName="r"
        begin="0s"
        calcMode="spline"
        dur="1s"
        keySplines="0 0.2 0.8 1"
        keyTimes="0;1"
        repeatCount="indefinite"
        values="0;40"
      />
      <animate
        attributeName="opacity"
        begin="0s"
        calcMode="spline"
        dur="1s"
        keySplines="0.2 0 0.8 1"
        keyTimes="0;1"
        repeatCount="indefinite"
        values="1;0"
      />
    </circle>
    <circle
      cx="50"
      cy="50"
      fill="none"
      r="0"
      stroke="#f2c327"
      stroke-width="2"
    >
      <animate
        attributeName="r"
        begin="-0.5s"
        calcMode="spline"
        dur="1s"
        keySplines="0 0.2 0.8 1"
        keyTimes="0;1"
        repeatCount="indefinite"
        values="0;40"
      />
      <animate
        attributeName="opacity"
        begin="-0.5s"
        calcMode="spline"
        dur="1s"
        keySplines="0.2 0 0.8 1"
        keyTimes="0;1"
        repeatCount="indefinite"
        values="1;0"
      />
    </circle>
  </svg>
</div>
`;
